main.c:98:6:HAL_GPIO_EXTI_Callback	16	static
main.c:111:20:ring_push	24	static
main.c:134:20:ring_pop	16	static
main.c:146:6:HAL_ADC_ConvCpltCallback	16	static
main.c:179:6:HAL_TIM_PeriodElapsedCallback	16	static
main.c:185:6:HAL_SPI_TxRxCpltCallback	16	static
main.c:216:5:main	8	static
main.c:266:6:SystemClock_Config	80	static
main.c:302:13:MX_ADC_Init	24	static
main.c:354:13:MX_SPI1_Init	8	static
main.c:393:13:MX_TIM1_Init	32	static
main.c:439:13:MX_TIM3_Init	32	static
main.c:482:13:MX_DMA_Init	16	static
main.c:503:13:MX_GPIO_Init	48	static
main.c:541:6:Error_Handler	8	static,ignoring_inline_asm
