main.c:99:6:HAL_GPIO_EXTI_Callback	16	static
main.c:113:20:ring_push	24	static
main.c:148:6:HAL_ADC_ConvCpltCallback	16	static
main.c:164:6:HAL_TIM_PeriodElapsedCallback	16	static
main.c:196:5:main	8	static
main.c:252:6:SystemClock_Config	80	static
main.c:288:13:MX_ADC_Init	24	static
main.c:347:13:MX_SPI1_Init	8	static
main.c:386:13:MX_TIM1_Init	32	static
main.c:432:13:MX_TIM3_Init	32	static
main.c:475:13:MX_DMA_Init	16	static
main.c:493:13:MX_GPIO_Init	48	static
main.c:537:6:Error_Handler	8	static,ignoring_inline_asm
